// Jest Snapshot v1, https://goo.gl/fbAQLP

exports[`AdminViewPO Compenent Matches DOM Snapshot 1`] = `
<div
  data-testid="adminviewpo"
>
  <h2
    data-testid="adminpo-heading"
  >
    Admin PO
  </h2>
  <div
    className="container text-center"
    style={
      Object {
        "width": "793px",
      }
    }
  >
    <div
      aria-busy="true"
      className=""
      style={Object {}}
    >
      <svg
        aria-label="audio-loading"
        height={100}
        stroke="#050A30"
        viewBox="0 0 44 44"
        width={100}
        xmlns="http://www.w3.org/2000/svg"
      >
        <g
          fill="none"
          fillRule="evenodd"
          strokeWidth="2"
        >
          <circle
            cx="22"
            cy="22"
            r={1}
          >
            <animate
              attributeName="r"
              begin="0s"
              calcMode="spline"
              dur="1.8s"
              keySplines="0.165, 0.84, 0.44, 1"
              keyTimes="0; 1"
              repeatCount="indefinite"
              values="1; 20"
            />
            <animate
              attributeName="strokeOpacity"
              begin="0s"
              calcMode="spline"
              dur="1.8s"
              keySplines="0.3, 0.61, 0.355, 1"
              keyTimes="0; 1"
              repeatCount="indefinite"
              values="1; 0"
            />
          </circle>
          <circle
            cx="22"
            cy="22"
            r={1}
          >
            <animate
              attributeName="r"
              begin="-0.9s"
              calcMode="spline"
              dur="1.8s"
              keySplines="0.165, 0.84, 0.44, 1"
              keyTimes="0; 1"
              repeatCount="indefinite"
              values="1; 20"
            />
            <animate
              attributeName="strokeOpacity"
              begin="-0.9s"
              calcMode="spline"
              dur="1.8s"
              keySplines="0.3, 0.61, 0.355, 1"
              keyTimes="0; 1"
              repeatCount="indefinite"
              values="1; 0"
            />
          </circle>
        </g>
      </svg>
    </div>
  </div>
</div>
`;

exports[`AdminViewPO Compenent Should matches DOM Snapshot 1`] = `
<div
  data-testid="adminviewpo"
>
  <h2
    data-testid="adminpo-heading"
  >
    Admin PO
  </h2>
  <div
    className="container text-center"
    style={
      Object {
        "width": "793px",
      }
    }
  >
    <div
      aria-busy="true"
      className=""
      style={Object {}}
    >
      <svg
        aria-label="audio-loading"
        height={100}
        stroke="#050A30"
        viewBox="0 0 44 44"
        width={100}
        xmlns="http://www.w3.org/2000/svg"
      >
        <g
          fill="none"
          fillRule="evenodd"
          strokeWidth="2"
        >
          <circle
            cx="22"
            cy="22"
            r={1}
          >
            <animate
              attributeName="r"
              begin="0s"
              calcMode="spline"
              dur="1.8s"
              keySplines="0.165, 0.84, 0.44, 1"
              keyTimes="0; 1"
              repeatCount="indefinite"
              values="1; 20"
            />
            <animate
              attributeName="strokeOpacity"
              begin="0s"
              calcMode="spline"
              dur="1.8s"
              keySplines="0.3, 0.61, 0.355, 1"
              keyTimes="0; 1"
              repeatCount="indefinite"
              values="1; 0"
            />
          </circle>
          <circle
            cx="22"
            cy="22"
            r={1}
          >
            <animate
              attributeName="r"
              begin="-0.9s"
              calcMode="spline"
              dur="1.8s"
              keySplines="0.165, 0.84, 0.44, 1"
              keyTimes="0; 1"
              repeatCount="indefinite"
              values="1; 20"
            />
            <animate
              attributeName="strokeOpacity"
              begin="-0.9s"
              calcMode="spline"
              dur="1.8s"
              keySplines="0.3, 0.61, 0.355, 1"
              keyTimes="0; 1"
              repeatCount="indefinite"
              values="1; 0"
            />
          </circle>
        </g>
      </svg>
    </div>
  </div>
</div>
`;
